../Core/Src/main.c:150:6:HAL_UART_RxCpltCallback	16	static
../Core/Src/main.c:166:6:HAL_TIM_PeriodElapsedCallback	16	static
../Core/Src/main.c:191:5:main	72	static
../Core/Src/main.c:517:6:SystemClock_Config	88	static
../Core/Src/main.c:564:13:MX_ADC1_Init	24	static
../Core/Src/main.c:616:13:MX_I2C1_Init	8	static
../Core/Src/main.c:650:13:MX_SPI1_Init	8	static
../Core/Src/main.c:688:13:MX_TIM6_Init	16	static
../Core/Src/main.c:726:13:MX_TIM7_Init	16	static
../Core/Src/main.c:764:13:MX_TIM10_Init	8	static
../Core/Src/main.c:795:13:MX_TIM11_Init	8	static
../Core/Src/main.c:826:13:MX_UART4_Init	8	static
../Core/Src/main.c:859:13:MX_USART2_UART_Init	8	static
../Core/Src/main.c:892:13:MX_USART3_UART_Init	8	static
../Core/Src/main.c:925:13:MX_GPIO_Init	48	static
../Core/Src/main.c:995:9:I2C_Testsensor	16	static
../Core/Src/main.c:1012:6:E220_CONFIG	40	static
../Core/Src/main.c:1051:7:BME280_Get_Altitude	16	static
../Core/Src/main.c:1060:8:user_i2c_read	24	static
../Core/Src/main.c:1068:6:user_delay_ms	16	static
../Core/Src/main.c:1072:8:user_i2c_write	32	static
../Core/Src/main.c:1090:6:Error_Handler	4	static,ignoring_inline_asm
