../Core/Src/main.c:170:6:HAL_UART_RxCpltCallback	16	static
../Core/Src/main.c:186:6:HAL_TIM_PeriodElapsedCallback	16	static
../Core/Src/main.c:239:6:HAL_ADC_ConvCpltCallback	16	static
../Core/Src/main.c:256:5:main	24	static
../Core/Src/main.c:573:6:SystemClock_Config	88	static
../Core/Src/main.c:620:13:MX_ADC1_Init	24	static
../Core/Src/main.c:672:13:MX_I2C1_Init	8	static
../Core/Src/main.c:706:13:MX_SPI1_Init	8	static
../Core/Src/main.c:744:13:MX_TIM6_Init	16	static
../Core/Src/main.c:782:13:MX_TIM7_Init	16	static
../Core/Src/main.c:820:13:MX_TIM10_Init	8	static
../Core/Src/main.c:851:13:MX_TIM11_Init	8	static
../Core/Src/main.c:882:13:MX_UART4_Init	8	static
../Core/Src/main.c:915:13:MX_USART2_UART_Init	8	static
../Core/Src/main.c:948:13:MX_USART3_UART_Init	8	static
../Core/Src/main.c:981:13:MX_GPIO_Init	48	static
../Core/Src/main.c:1051:9:I2C_Testsensor	16	static
../Core/Src/main.c:1068:6:E220_CONFIG	40	static
../Core/Src/main.c:1107:7:BME280_Get_Altitude	16	static
../Core/Src/main.c:1116:8:user_i2c_read	24	static
../Core/Src/main.c:1124:6:user_delay_ms	16	static
../Core/Src/main.c:1128:8:user_i2c_write	32	static
../Core/Src/main.c:1141:6:union_converter	64	static
../Core/Src/main.c:1220:6:Altitude_Offset	16	static
../Core/Src/main.c:1239:6:Error_Handler	4	static,ignoring_inline_asm
