../Core/Src/main.c:167:6:HAL_UART_RxCpltCallback	16	static
../Core/Src/main.c:183:6:HAL_TIM_PeriodElapsedCallback	16	static
../Core/Src/main.c:211:6:HAL_ADC_ConvCpltCallback	16	static
../Core/Src/main.c:228:5:main	16	static
../Core/Src/main.c:508:6:SystemClock_Config	88	static
../Core/Src/main.c:555:13:MX_ADC1_Init	24	static
../Core/Src/main.c:607:13:MX_I2C1_Init	8	static
../Core/Src/main.c:641:13:MX_SPI1_Init	8	static
../Core/Src/main.c:679:13:MX_TIM6_Init	16	static
../Core/Src/main.c:717:13:MX_TIM7_Init	16	static
../Core/Src/main.c:755:13:MX_TIM10_Init	8	static
../Core/Src/main.c:786:13:MX_TIM11_Init	8	static
../Core/Src/main.c:817:13:MX_UART4_Init	8	static
../Core/Src/main.c:850:13:MX_USART2_UART_Init	8	static
../Core/Src/main.c:883:13:MX_USART3_UART_Init	8	static
../Core/Src/main.c:916:13:MX_GPIO_Init	48	static
../Core/Src/main.c:986:9:I2C_Testsensor	16	static
../Core/Src/main.c:1003:6:E220_CONFIG	40	static
../Core/Src/main.c:1042:7:BME280_Get_Altitude	16	static
../Core/Src/main.c:1051:8:user_i2c_read	24	static
../Core/Src/main.c:1059:6:user_delay_ms	16	static
../Core/Src/main.c:1063:8:user_i2c_write	32	static
../Core/Src/main.c:1076:6:union_converter	64	static
../Core/Src/main.c:1155:6:Altitude_Offset	16	static
../Core/Src/main.c:1174:6:Error_Handler	4	static,ignoring_inline_asm
